2026-02-24 11:52:17,221 [Worker-3: Loading available Gradle versions] INFO  o.e.b.c.i.u.g.PublishedGradleVersions - Gradle version information cache is up-to-date. Trying to read.
2026-03-10 23:18:35,263 [Worker-3: Loading available Gradle versions] INFO  o.e.b.c.i.u.g.PublishedGradleVersions - Gradle version information cache is out-of-date. Trying to update.
2026-03-10 23:25:38,502 [Worker-24: Enabling Maven Dependency Management] INFO  o.e.m.c.i.e.AbstractTransferListenerAdapter - Downloading https://repo.maven.apache.org/maven2/org/apache/maven/plugins/maven-compiler-plugin/3.8.1/maven-compiler-plugin-3.8.1.jar
2026-03-10 23:25:38,643 [Worker-24: Enabling Maven Dependency Management] INFO  o.e.m.c.i.e.AbstractTransferListenerAdapter - Downloaded https://repo.maven.apache.org/maven2/org/apache/maven/plugins/maven-compiler-plugin/3.8.1/maven-compiler-plugin-3.8.1.jar
2026-03-10 23:25:38,786 [Worker-24: Enabling Maven Dependency Management] INFO  o.e.m.c.i.e.AbstractTransferListenerAdapter - Downloaded https://repo.maven.apache.org/maven2/org/apache/maven/plugins/maven-compiler-plugin/3.8.1/maven-compiler-plugin-3.8.1.pom
2026-03-10 23:25:38,907 [Worker-24: Enabling Maven Dependency Management] INFO  o.e.m.c.i.e.AbstractTransferListenerAdapter - Downloaded https://repo.maven.apache.org/maven2/org/apache/maven/plugins/maven-plugins/33/maven-plugins-33.pom
2026-03-10 23:25:39,216 [Worker-24: Enabling Maven Dependency Management] INFO  o.e.m.c.i.l.LifecycleMappingFactory - Using org.eclipse.m2e.jdt.JarLifecycleMapping lifecycle mapping for MavenProject: com.sushobhit:TextAdventureGameEngine:0.0.1-SNAPSHOT @ E:\Project\TextAdventureGameEngine\TextAdventureGameEngine\pom.xml.
2026-03-10 23:25:39,516 [Worker-24: Enabling Maven Dependency Management] INFO  o.e.m.j.i.AbstractJavaProjectConfigurator - Adding source folder /TextAdventureGameEngine/src
2026-03-10 23:25:39,517 [Worker-24: Enabling Maven Dependency Management] INFO  o.e.m.j.i.AbstractJavaProjectConfigurator - Resources folder /TextAdventureGameEngine/src overlaps with sources folder /TextAdventureGameEngine/src
2026-03-10 23:25:39,520 [Worker-24: Enabling Maven Dependency Management] INFO  o.e.m.j.i.AbstractJavaProjectConfigurator - Not adding source folder /TextAdventureGameEngine/src/test/java because it overlaps with /TextAdventureGameEngine/src
2026-03-10 23:25:39,567 [Worker-24: Enabling Maven Dependency Management] INFO  o.e.m.c.i.p.ProjectConfigurationManager - Update started
2026-03-10 23:25:39,724 [Worker-24: Enabling Maven Dependency Management] INFO  o.e.m.c.i.l.LifecycleMappingFactory - Using org.eclipse.m2e.jdt.JarLifecycleMapping lifecycle mapping for MavenProject: com.sushobhit:TextAdventureGameEngine:0.0.1-SNAPSHOT @ E:\Project\TextAdventureGameEngine\TextAdventureGameEngine\pom.xml.
2026-03-10 23:25:39,835 [Worker-24: Enabling Maven Dependency Management] INFO  o.e.m.j.i.AbstractJavaProjectConfigurator - Adding source folder /TextAdventureGameEngine/src
2026-03-10 23:25:39,835 [Worker-24: Enabling Maven Dependency Management] INFO  o.e.m.j.i.AbstractJavaProjectConfigurator - Resources folder /TextAdventureGameEngine/src overlaps with sources folder /TextAdventureGameEngine/src
2026-03-10 23:25:39,840 [Worker-24: Enabling Maven Dependency Management] INFO  o.e.m.j.i.AbstractJavaProjectConfigurator - Not adding source folder /TextAdventureGameEngine/src/test/java because it overlaps with /TextAdventureGameEngine/src
2026-03-10 23:25:39,869 [Worker-24: Enabling Maven Dependency Management] INFO  o.e.m.c.i.p.ProjectConfigurationManager - Update completed: 0 sec
2026-03-10 23:25:40,034 [Worker-24: Building] WARN  o.e.m.c.i.embedder.EclipseLogger - Using platform encoding (Cp1252 actually) to copy filtered resources, i.e. build is platform dependent!
2026-03-10 23:25:40,037 [Worker-24: Building] INFO  o.e.m.c.i.embedder.EclipseLogger - Copying 1 resource
2026-03-10 23:25:40,043 [Worker-24: Building] WARN  o.e.m.c.i.embedder.EclipseLogger - Using platform encoding (Cp1252 actually) to copy filtered resources, i.e. build is platform dependent!
2026-03-10 23:25:40,043 [Worker-24: Building] INFO  o.e.m.c.i.embedder.EclipseLogger - skip non existing resourceDirectory E:\Project\TextAdventureGameEngine\TextAdventureGameEngine\src\test\resources
2026-03-10 23:27:16,513 [Worker-50: Building] INFO  o.e.m.c.i.l.LifecycleMappingFactory - Using org.eclipse.m2e.jdt.JarLifecycleMapping lifecycle mapping for MavenProject: com.sushobhit:TextAdventureGameEngine:0.0.1-SNAPSHOT @ E:\Project\TextAdventureGameEngine\TextAdventureGameEngine\pom.xml.
2026-03-10 23:27:16,870 [Worker-50: Building] INFO  o.e.m.c.i.e.AbstractTransferListenerAdapter - Downloaded https://repo.maven.apache.org/maven2/com/google/code/gson/gson/2.10.1/gson-2.10.1.pom
2026-03-10 23:27:17,020 [Worker-50: Building] INFO  o.e.m.c.i.e.AbstractTransferListenerAdapter - Downloaded https://repo.maven.apache.org/maven2/com/google/code/gson/gson-parent/2.10.1/gson-parent-2.10.1.pom
2026-03-10 23:27:17,094 [Worker-50: Building] INFO  o.e.m.c.i.e.AbstractTransferListenerAdapter - Downloading https://repo.maven.apache.org/maven2/com/google/code/gson/gson/2.10.1/gson-2.10.1.jar
2026-03-10 23:27:17,303 [Worker-50: Building] INFO  o.e.m.c.i.e.AbstractTransferListenerAdapter - Downloaded https://repo.maven.apache.org/maven2/com/google/code/gson/gson/2.10.1/gson-2.10.1.jar
2026-03-10 23:27:17,383 [Worker-50: Building] WARN  o.e.m.c.i.embedder.EclipseLogger - Using platform encoding (Cp1252 actually) to copy filtered resources, i.e. build is platform dependent!
2026-03-10 23:27:17,386 [Worker-50: Building] INFO  o.e.m.c.i.embedder.EclipseLogger - Copying 0 resource
2026-03-10 23:27:17,387 [Worker-50: Building] WARN  o.e.m.c.i.embedder.EclipseLogger - Using platform encoding (Cp1252 actually) to copy filtered resources, i.e. build is platform dependent!
2026-03-10 23:27:17,387 [Worker-50: Building] INFO  o.e.m.c.i.embedder.EclipseLogger - skip non existing resourceDirectory E:\Project\TextAdventureGameEngine\TextAdventureGameEngine\src\test\resources
2026-03-10 23:27:18,523 [Worker-52: Building] WARN  o.e.m.c.i.embedder.EclipseLogger - Using platform encoding (Cp1252 actually) to copy filtered resources, i.e. build is platform dependent!
2026-03-10 23:27:18,527 [Worker-52: Building] INFO  o.e.m.c.i.embedder.EclipseLogger - Copying 2 resources
2026-03-10 23:27:18,536 [Worker-52: Building] WARN  o.e.m.c.i.embedder.EclipseLogger - Using platform encoding (Cp1252 actually) to copy filtered resources, i.e. build is platform dependent!
2026-03-10 23:27:18,536 [Worker-52: Building] INFO  o.e.m.c.i.embedder.EclipseLogger - skip non existing resourceDirectory E:\Project\TextAdventureGameEngine\TextAdventureGameEngine\src\test\resources
2026-03-10 23:27:18,546 [Worker-57: Download sources and javadoc] INFO  o.e.m.c.i.e.AbstractTransferListenerAdapter - Downloading https://repo.maven.apache.org/maven2/com/google/code/gson/gson/2.10.1/gson-2.10.1-sources.jar
2026-03-10 23:27:18,728 [Worker-57: Download sources and javadoc] INFO  o.e.m.c.i.e.AbstractTransferListenerAdapter - Downloaded https://repo.maven.apache.org/maven2/com/google/code/gson/gson/2.10.1/gson-2.10.1-sources.jar
2026-03-10 23:27:18,738 [Worker-57: Download sources and javadoc] INFO  o.e.m.j.internal.DownloadSourcesJob - Downloaded sources for com.google.code.gson:gson:2.10.1
2026-03-10 23:27:19,606 [Worker-36: Building] WARN  o.e.m.c.i.embedder.EclipseLogger - Using platform encoding (Cp1252 actually) to copy filtered resources, i.e. build is platform dependent!
2026-03-10 23:27:19,607 [Worker-36: Building] INFO  o.e.m.c.i.embedder.EclipseLogger - Copying 0 resource
2026-03-10 23:27:19,609 [Worker-36: Building] WARN  o.e.m.c.i.embedder.EclipseLogger - Using platform encoding (Cp1252 actually) to copy filtered resources, i.e. build is platform dependent!
2026-03-10 23:27:19,609 [Worker-36: Building] INFO  o.e.m.c.i.embedder.EclipseLogger - skip non existing resourceDirectory E:\Project\TextAdventureGameEngine\TextAdventureGameEngine\src\test\resources
2026-03-10 23:31:41,547 [Worker-46: Building] WARN  o.e.m.c.i.embedder.EclipseLogger - Using platform encoding (Cp1252 actually) to copy filtered resources, i.e. build is platform dependent!
2026-03-10 23:31:41,549 [Worker-46: Building] INFO  o.e.m.c.i.embedder.EclipseLogger - Copying 1 resource
2026-03-10 23:31:41,552 [Worker-46: Building] WARN  o.e.m.c.i.embedder.EclipseLogger - Using platform encoding (Cp1252 actually) to copy filtered resources, i.e. build is platform dependent!
2026-03-10 23:31:41,552 [Worker-46: Building] INFO  o.e.m.c.i.embedder.EclipseLogger - skip non existing resourceDirectory E:\Project\TextAdventureGameEngine\TextAdventureGameEngine\src\test\resources
2026-03-10 23:31:45,730 [Worker-46: Building] WARN  o.e.m.c.i.embedder.EclipseLogger - Using platform encoding (Cp1252 actually) to copy filtered resources, i.e. build is platform dependent!
2026-03-10 23:31:45,731 [Worker-46: Building] INFO  o.e.m.c.i.embedder.EclipseLogger - Copying 2 resources
2026-03-10 23:31:45,732 [Worker-46: Building] WARN  o.e.m.c.i.embedder.EclipseLogger - Using platform encoding (Cp1252 actually) to copy filtered resources, i.e. build is platform dependent!
2026-03-10 23:31:45,732 [Worker-46: Building] INFO  o.e.m.c.i.embedder.EclipseLogger - skip non existing resourceDirectory E:\Project\TextAdventureGameEngine\TextAdventureGameEngine\src\test\resources
2026-03-10 23:39:34,282 [Worker-58: Building] WARN  o.e.m.c.i.embedder.EclipseLogger - Using platform encoding (Cp1252 actually) to copy filtered resources, i.e. build is platform dependent!
2026-03-10 23:39:34,283 [Worker-58: Building] INFO  o.e.m.c.i.embedder.EclipseLogger - Copying 2 resources
2026-03-10 23:39:34,284 [Worker-58: Building] WARN  o.e.m.c.i.embedder.EclipseLogger - Using platform encoding (Cp1252 actually) to copy filtered resources, i.e. build is platform dependent!
2026-03-10 23:39:34,285 [Worker-58: Building] INFO  o.e.m.c.i.embedder.EclipseLogger - skip non existing resourceDirectory E:\Project\TextAdventureGameEngine\TextAdventureGameEngine\src\test\resources
2026-03-11 00:08:08,577 [Worker-73: Building] WARN  o.e.m.c.i.embedder.EclipseLogger - Using platform encoding (Cp1252 actually) to copy filtered resources, i.e. build is platform dependent!
2026-03-11 00:08:08,580 [Worker-73: Building] INFO  o.e.m.c.i.embedder.EclipseLogger - Copying 2 resources
2026-03-11 00:08:08,581 [Worker-73: Building] WARN  o.e.m.c.i.embedder.EclipseLogger - Using platform encoding (Cp1252 actually) to copy filtered resources, i.e. build is platform dependent!
2026-03-11 00:08:08,581 [Worker-73: Building] INFO  o.e.m.c.i.embedder.EclipseLogger - skip non existing resourceDirectory E:\Project\TextAdventureGameEngine\TextAdventureGameEngine\src\test\resources
2026-03-11 09:27:57,691 [Worker-89: Building] WARN  o.e.m.c.i.embedder.EclipseLogger - Using platform encoding (Cp1252 actually) to copy filtered resources, i.e. build is platform dependent!
2026-03-11 09:27:57,695 [Worker-89: Building] INFO  o.e.m.c.i.embedder.EclipseLogger - Copying 2 resources
2026-03-11 09:27:57,697 [Worker-89: Building] WARN  o.e.m.c.i.embedder.EclipseLogger - Using platform encoding (Cp1252 actually) to copy filtered resources, i.e. build is platform dependent!
2026-03-11 09:27:57,698 [Worker-89: Building] INFO  o.e.m.c.i.embedder.EclipseLogger - skip non existing resourceDirectory E:\Project\TextAdventureGameEngine\TextAdventureGameEngine\src\test\resources
2026-03-15 23:35:09,623 [Worker-4: Loading available Gradle versions] INFO  o.e.b.c.i.u.g.PublishedGradleVersions - Gradle version information cache is out-of-date. Trying to update.
2026-03-15 23:42:42,698 [Worker-46: Building] WARN  o.e.m.c.i.embedder.EclipseLogger - Using platform encoding (Cp1252 actually) to copy filtered resources, i.e. build is platform dependent!
2026-03-15 23:42:42,705 [Worker-46: Building] INFO  o.e.m.c.i.embedder.EclipseLogger - Copying 1 resource
2026-03-15 23:42:42,712 [Worker-46: Building] WARN  o.e.m.c.i.embedder.EclipseLogger - Using platform encoding (Cp1252 actually) to copy filtered resources, i.e. build is platform dependent!
2026-03-15 23:42:42,713 [Worker-46: Building] INFO  o.e.m.c.i.embedder.EclipseLogger - skip non existing resourceDirectory E:\Project\TextAdventureGameEngine\TextAdventureGameEngine\src\test\resources
2026-03-16 00:10:00,494 [Worker-50: Building] WARN  o.e.m.c.i.embedder.EclipseLogger - Using platform encoding (Cp1252 actually) to copy filtered resources, i.e. build is platform dependent!
2026-03-16 00:10:00,505 [Worker-50: Building] INFO  o.e.m.c.i.embedder.EclipseLogger - Copying 2 resources
2026-03-16 00:10:00,508 [Worker-50: Building] WARN  o.e.m.c.i.embedder.EclipseLogger - Using platform encoding (Cp1252 actually) to copy filtered resources, i.e. build is platform dependent!
2026-03-16 00:10:00,508 [Worker-50: Building] INFO  o.e.m.c.i.embedder.EclipseLogger - skip non existing resourceDirectory E:\Project\TextAdventureGameEngine\TextAdventureGameEngine\src\test\resources
2026-03-16 00:10:47,023 [Worker-50: Building] WARN  o.e.m.c.i.embedder.EclipseLogger - Using platform encoding (Cp1252 actually) to copy filtered resources, i.e. build is platform dependent!
2026-03-16 00:10:47,025 [Worker-50: Building] INFO  o.e.m.c.i.embedder.EclipseLogger - Copying 2 resources
2026-03-16 00:10:47,026 [Worker-50: Building] WARN  o.e.m.c.i.embedder.EclipseLogger - Using platform encoding (Cp1252 actually) to copy filtered resources, i.e. build is platform dependent!
2026-03-16 00:10:47,026 [Worker-50: Building] INFO  o.e.m.c.i.embedder.EclipseLogger - skip non existing resourceDirectory E:\Project\TextAdventureGameEngine\TextAdventureGameEngine\src\test\resources
2026-03-16 00:53:21,919 [Worker-46: Building] WARN  o.e.m.c.i.embedder.EclipseLogger - Using platform encoding (Cp1252 actually) to copy filtered resources, i.e. build is platform dependent!
2026-03-16 00:53:21,920 [Worker-46: Building] INFO  o.e.m.c.i.embedder.EclipseLogger - Copying 2 resources
2026-03-16 00:53:21,921 [Worker-46: Building] WARN  o.e.m.c.i.embedder.EclipseLogger - Using platform encoding (Cp1252 actually) to copy filtered resources, i.e. build is platform dependent!
2026-03-16 00:53:21,922 [Worker-46: Building] INFO  o.e.m.c.i.embedder.EclipseLogger - skip non existing resourceDirectory E:\Project\TextAdventureGameEngine\TextAdventureGameEngine\src\test\resources
2026-03-16 01:00:11,190 [Worker-59: Building] WARN  o.e.m.c.i.embedder.EclipseLogger - Using platform encoding (Cp1252 actually) to copy filtered resources, i.e. build is platform dependent!
2026-03-16 01:00:11,191 [Worker-59: Building] INFO  o.e.m.c.i.embedder.EclipseLogger - Copying 2 resources
2026-03-16 01:00:11,192 [Worker-59: Building] WARN  o.e.m.c.i.embedder.EclipseLogger - Using platform encoding (Cp1252 actually) to copy filtered resources, i.e. build is platform dependent!
2026-03-16 01:00:11,192 [Worker-59: Building] INFO  o.e.m.c.i.embedder.EclipseLogger - skip non existing resourceDirectory E:\Project\TextAdventureGameEngine\TextAdventureGameEngine\src\test\resources
2026-03-16 13:53:16,738 [Worker-121: Building] WARN  o.e.m.c.i.embedder.EclipseLogger - Using platform encoding (Cp1252 actually) to copy filtered resources, i.e. build is platform dependent!
2026-03-16 13:53:16,741 [Worker-121: Building] INFO  o.e.m.c.i.embedder.EclipseLogger - Copying 2 resources
2026-03-16 13:53:16,742 [Worker-121: Building] WARN  o.e.m.c.i.embedder.EclipseLogger - Using platform encoding (Cp1252 actually) to copy filtered resources, i.e. build is platform dependent!
2026-03-16 13:53:16,743 [Worker-121: Building] INFO  o.e.m.c.i.embedder.EclipseLogger - skip non existing resourceDirectory E:\Project\TextAdventureGameEngine\TextAdventureGameEngine\src\test\resources
2026-03-17 09:43:21,737 [Worker-139: Building] WARN  o.e.m.c.i.embedder.EclipseLogger - Using platform encoding (Cp1252 actually) to copy filtered resources, i.e. build is platform dependent!
2026-03-17 09:43:21,741 [Worker-139: Building] INFO  o.e.m.c.i.embedder.EclipseLogger - Copying 2 resources
2026-03-17 09:43:21,742 [Worker-139: Building] WARN  o.e.m.c.i.embedder.EclipseLogger - Using platform encoding (Cp1252 actually) to copy filtered resources, i.e. build is platform dependent!
2026-03-17 09:43:21,743 [Worker-139: Building] INFO  o.e.m.c.i.embedder.EclipseLogger - skip non existing resourceDirectory E:\Project\TextAdventureGameEngine\TextAdventureGameEngine\src\test\resources
2026-03-17 09:43:27,836 [Worker-140: Building] WARN  o.e.m.c.i.embedder.EclipseLogger - Using platform encoding (Cp1252 actually) to copy filtered resources, i.e. build is platform dependent!
2026-03-17 09:43:27,837 [Worker-140: Building] INFO  o.e.m.c.i.embedder.EclipseLogger - Copying 2 resources
2026-03-17 09:43:27,838 [Worker-140: Building] WARN  o.e.m.c.i.embedder.EclipseLogger - Using platform encoding (Cp1252 actually) to copy filtered resources, i.e. build is platform dependent!
2026-03-17 09:43:27,839 [Worker-140: Building] INFO  o.e.m.c.i.embedder.EclipseLogger - skip non existing resourceDirectory E:\Project\TextAdventureGameEngine\TextAdventureGameEngine\src\test\resources
2026-03-17 11:06:32,895 [Worker-0: Loading available Gradle versions] INFO  o.e.b.c.i.u.g.PublishedGradleVersions - Gradle version information cache is up-to-date. Trying to read.
2026-03-17 13:54:23,467 [Worker-88: Building] WARN  o.e.m.c.i.embedder.EclipseLogger - Using platform encoding (Cp1252 actually) to copy filtered resources, i.e. build is platform dependent!
2026-03-17 13:54:23,472 [Worker-88: Building] INFO  o.e.m.c.i.embedder.EclipseLogger - Copying 1 resource
2026-03-17 13:54:23,476 [Worker-88: Building] WARN  o.e.m.c.i.embedder.EclipseLogger - Using platform encoding (Cp1252 actually) to copy filtered resources, i.e. build is platform dependent!
2026-03-17 13:54:23,477 [Worker-88: Building] INFO  o.e.m.c.i.embedder.EclipseLogger - skip non existing resourceDirectory E:\Project\TextAdventureGameEngine\TextAdventureGameEngine\src\test\resources
2026-03-17 13:56:31,073 [Worker-94: Building] WARN  o.e.m.c.i.embedder.EclipseLogger - Using platform encoding (Cp1252 actually) to copy filtered resources, i.e. build is platform dependent!
2026-03-17 13:56:31,080 [Worker-94: Building] INFO  o.e.m.c.i.embedder.EclipseLogger - Copying 2 resources
2026-03-17 13:56:31,082 [Worker-94: Building] WARN  o.e.m.c.i.embedder.EclipseLogger - Using platform encoding (Cp1252 actually) to copy filtered resources, i.e. build is platform dependent!
2026-03-17 13:56:31,082 [Worker-94: Building] INFO  o.e.m.c.i.embedder.EclipseLogger - skip non existing resourceDirectory E:\Project\TextAdventureGameEngine\TextAdventureGameEngine\src\test\resources
2026-03-17 15:38:20,146 [Worker-103: Building] WARN  o.e.m.c.i.embedder.EclipseLogger - Using platform encoding (Cp1252 actually) to copy filtered resources, i.e. build is platform dependent!
2026-03-17 15:38:20,148 [Worker-103: Building] INFO  o.e.m.c.i.embedder.EclipseLogger - Copying 2 resources
2026-03-17 15:38:20,150 [Worker-103: Building] WARN  o.e.m.c.i.embedder.EclipseLogger - Using platform encoding (Cp1252 actually) to copy filtered resources, i.e. build is platform dependent!
2026-03-17 15:38:20,150 [Worker-103: Building] INFO  o.e.m.c.i.embedder.EclipseLogger - skip non existing resourceDirectory E:\Project\TextAdventureGameEngine\TextAdventureGameEngine\src\test\resources
2026-03-17 15:39:52,852 [Worker-107: Building] WARN  o.e.m.c.i.embedder.EclipseLogger - Using platform encoding (Cp1252 actually) to copy filtered resources, i.e. build is platform dependent!
2026-03-17 15:39:52,853 [Worker-107: Building] INFO  o.e.m.c.i.embedder.EclipseLogger - Copying 2 resources
2026-03-17 15:39:52,854 [Worker-107: Building] WARN  o.e.m.c.i.embedder.EclipseLogger - Using platform encoding (Cp1252 actually) to copy filtered resources, i.e. build is platform dependent!
2026-03-17 15:39:52,855 [Worker-107: Building] INFO  o.e.m.c.i.embedder.EclipseLogger - skip non existing resourceDirectory E:\Project\TextAdventureGameEngine\TextAdventureGameEngine\src\test\resources
2026-03-17 16:09:52,667 [Worker-107: Building] WARN  o.e.m.c.i.embedder.EclipseLogger - Using platform encoding (Cp1252 actually) to copy filtered resources, i.e. build is platform dependent!
2026-03-17 16:09:52,669 [Worker-107: Building] INFO  o.e.m.c.i.embedder.EclipseLogger - Copying 2 resources
2026-03-17 16:09:52,671 [Worker-107: Building] WARN  o.e.m.c.i.embedder.EclipseLogger - Using platform encoding (Cp1252 actually) to copy filtered resources, i.e. build is platform dependent!
2026-03-17 16:09:52,671 [Worker-107: Building] INFO  o.e.m.c.i.embedder.EclipseLogger - skip non existing resourceDirectory E:\Project\TextAdventureGameEngine\TextAdventureGameEngine\src\test\resources
2026-03-17 16:55:03,624 [Worker-111: Building] WARN  o.e.m.c.i.embedder.EclipseLogger - Using platform encoding (Cp1252 actually) to copy filtered resources, i.e. build is platform dependent!
2026-03-17 16:55:03,626 [Worker-111: Building] INFO  o.e.m.c.i.embedder.EclipseLogger - Copying 2 resources
2026-03-17 16:55:03,628 [Worker-111: Building] WARN  o.e.m.c.i.embedder.EclipseLogger - Using platform encoding (Cp1252 actually) to copy filtered resources, i.e. build is platform dependent!
2026-03-17 16:55:03,629 [Worker-111: Building] INFO  o.e.m.c.i.embedder.EclipseLogger - skip non existing resourceDirectory E:\Project\TextAdventureGameEngine\TextAdventureGameEngine\src\test\resources
2026-03-17 17:02:50,274 [Worker-107: Building] WARN  o.e.m.c.i.embedder.EclipseLogger - Using platform encoding (Cp1252 actually) to copy filtered resources, i.e. build is platform dependent!
2026-03-17 17:02:50,276 [Worker-107: Building] INFO  o.e.m.c.i.embedder.EclipseLogger - Copying 2 resources
2026-03-17 17:02:50,277 [Worker-107: Building] WARN  o.e.m.c.i.embedder.EclipseLogger - Using platform encoding (Cp1252 actually) to copy filtered resources, i.e. build is platform dependent!
2026-03-17 17:02:50,277 [Worker-107: Building] INFO  o.e.m.c.i.embedder.EclipseLogger - skip non existing resourceDirectory E:\Project\TextAdventureGameEngine\TextAdventureGameEngine\src\test\resources
2026-03-17 17:40:01,778 [Worker-113: Building] WARN  o.e.m.c.i.embedder.EclipseLogger - Using platform encoding (Cp1252 actually) to copy filtered resources, i.e. build is platform dependent!
2026-03-17 17:40:01,779 [Worker-113: Building] INFO  o.e.m.c.i.embedder.EclipseLogger - Copying 2 resources
2026-03-17 17:40:01,781 [Worker-113: Building] WARN  o.e.m.c.i.embedder.EclipseLogger - Using platform encoding (Cp1252 actually) to copy filtered resources, i.e. build is platform dependent!
2026-03-17 17:40:01,781 [Worker-113: Building] INFO  o.e.m.c.i.embedder.EclipseLogger - skip non existing resourceDirectory E:\Project\TextAdventureGameEngine\TextAdventureGameEngine\src\test\resources
2026-03-17 17:43:21,222 [Worker-105: Building] WARN  o.e.m.c.i.embedder.EclipseLogger - Using platform encoding (Cp1252 actually) to copy filtered resources, i.e. build is platform dependent!
2026-03-17 17:43:21,224 [Worker-105: Building] INFO  o.e.m.c.i.embedder.EclipseLogger - Copying 1 resource
2026-03-17 17:43:21,231 [Worker-105: Building] WARN  o.e.m.c.i.embedder.EclipseLogger - Using platform encoding (Cp1252 actually) to copy filtered resources, i.e. build is platform dependent!
2026-03-17 17:43:21,231 [Worker-105: Building] INFO  o.e.m.c.i.embedder.EclipseLogger - skip non existing resourceDirectory E:\Project\TextAdventureGameEngine\TextAdventureGameEngine\src\test\resources
2026-03-17 17:45:03,691 [Worker-107: Building] WARN  o.e.m.c.i.embedder.EclipseLogger - Using platform encoding (Cp1252 actually) to copy filtered resources, i.e. build is platform dependent!
2026-03-17 17:45:03,693 [Worker-107: Building] INFO  o.e.m.c.i.embedder.EclipseLogger - Copying 2 resources
2026-03-17 17:45:03,696 [Worker-107: Building] WARN  o.e.m.c.i.embedder.EclipseLogger - Using platform encoding (Cp1252 actually) to copy filtered resources, i.e. build is platform dependent!
2026-03-17 17:45:03,696 [Worker-107: Building] INFO  o.e.m.c.i.embedder.EclipseLogger - skip non existing resourceDirectory E:\Project\TextAdventureGameEngine\TextAdventureGameEngine\src\test\resources
2026-03-17 17:45:13,528 [Worker-113: Building] WARN  o.e.m.c.i.embedder.EclipseLogger - Using platform encoding (Cp1252 actually) to copy filtered resources, i.e. build is platform dependent!
2026-03-17 17:45:13,529 [Worker-113: Building] INFO  o.e.m.c.i.embedder.EclipseLogger - Copying 2 resources
2026-03-17 17:45:13,530 [Worker-113: Building] WARN  o.e.m.c.i.embedder.EclipseLogger - Using platform encoding (Cp1252 actually) to copy filtered resources, i.e. build is platform dependent!
2026-03-17 17:45:13,531 [Worker-113: Building] INFO  o.e.m.c.i.embedder.EclipseLogger - skip non existing resourceDirectory E:\Project\TextAdventureGameEngine\TextAdventureGameEngine\src\test\resources
2026-03-17 17:54:57,077 [Worker-118: Building] WARN  o.e.m.c.i.embedder.EclipseLogger - Using platform encoding (Cp1252 actually) to copy filtered resources, i.e. build is platform dependent!
2026-03-17 17:54:57,080 [Worker-118: Building] INFO  o.e.m.c.i.embedder.EclipseLogger - Copying 2 resources
2026-03-17 17:54:57,081 [Worker-118: Building] WARN  o.e.m.c.i.embedder.EclipseLogger - Using platform encoding (Cp1252 actually) to copy filtered resources, i.e. build is platform dependent!
2026-03-17 17:54:57,082 [Worker-118: Building] INFO  o.e.m.c.i.embedder.EclipseLogger - skip non existing resourceDirectory E:\Project\TextAdventureGameEngine\TextAdventureGameEngine\src\test\resources
2026-03-17 17:55:04,165 [Worker-118: Building] WARN  o.e.m.c.i.embedder.EclipseLogger - Using platform encoding (Cp1252 actually) to copy filtered resources, i.e. build is platform dependent!
2026-03-17 17:55:04,166 [Worker-118: Building] INFO  o.e.m.c.i.embedder.EclipseLogger - Copying 2 resources
2026-03-17 17:55:04,169 [Worker-118: Building] WARN  o.e.m.c.i.embedder.EclipseLogger - Using platform encoding (Cp1252 actually) to copy filtered resources, i.e. build is platform dependent!
2026-03-17 17:55:04,170 [Worker-118: Building] INFO  o.e.m.c.i.embedder.EclipseLogger - skip non existing resourceDirectory E:\Project\TextAdventureGameEngine\TextAdventureGameEngine\src\test\resources
2026-03-17 18:26:40,852 [Worker-115: Building] WARN  o.e.m.c.i.embedder.EclipseLogger - Using platform encoding (Cp1252 actually) to copy filtered resources, i.e. build is platform dependent!
2026-03-17 18:26:40,854 [Worker-115: Building] INFO  o.e.m.c.i.embedder.EclipseLogger - Copying 2 resources
2026-03-17 18:26:40,855 [Worker-115: Building] WARN  o.e.m.c.i.embedder.EclipseLogger - Using platform encoding (Cp1252 actually) to copy filtered resources, i.e. build is platform dependent!
2026-03-17 18:26:40,856 [Worker-115: Building] INFO  o.e.m.c.i.embedder.EclipseLogger - skip non existing resourceDirectory E:\Project\TextAdventureGameEngine\TextAdventureGameEngine\src\test\resources
2026-03-17 18:59:07,836 [Worker-123: Building] WARN  o.e.m.c.i.embedder.EclipseLogger - Using platform encoding (Cp1252 actually) to copy filtered resources, i.e. build is platform dependent!
2026-03-17 18:59:07,838 [Worker-123: Building] INFO  o.e.m.c.i.embedder.EclipseLogger - Copying 2 resources
2026-03-17 18:59:07,839 [Worker-123: Building] WARN  o.e.m.c.i.embedder.EclipseLogger - Using platform encoding (Cp1252 actually) to copy filtered resources, i.e. build is platform dependent!
2026-03-17 18:59:07,840 [Worker-123: Building] INFO  o.e.m.c.i.embedder.EclipseLogger - skip non existing resourceDirectory E:\Project\TextAdventureGameEngine\TextAdventureGameEngine\src\test\resources
2026-03-17 19:51:48,140 [Worker-130: Building] INFO  o.e.m.c.i.l.LifecycleMappingFactory - Using org.eclipse.m2e.jdt.JarLifecycleMapping lifecycle mapping for MavenProject: com.sushobhit:TextAdventureGameEngine:0.0.1-SNAPSHOT @ E:\Project\TextAdventureGameEngine\TextAdventureGameEngine\pom.xml.
2026-03-17 19:51:48,452 [Worker-130: Building] WARN  o.e.m.c.i.embedder.EclipseLogger - Using platform encoding (Cp1252 actually) to copy filtered resources, i.e. build is platform dependent!
2026-03-17 19:51:48,454 [Worker-130: Building] INFO  o.e.m.c.i.embedder.EclipseLogger - Copying 2 resources
2026-03-17 19:51:48,461 [Worker-130: Building] WARN  o.e.m.c.i.embedder.EclipseLogger - Using platform encoding (Cp1252 actually) to copy filtered resources, i.e. build is platform dependent!
2026-03-17 19:51:48,462 [Worker-130: Building] INFO  o.e.m.c.i.embedder.EclipseLogger - skip non existing resourceDirectory E:\Project\TextAdventureGameEngine\TextAdventureGameEngine\src\test\resources
2026-03-17 19:51:59,749 [Worker-115: Building] WARN  o.e.m.c.i.embedder.EclipseLogger - Using platform encoding (Cp1252 actually) to copy filtered resources, i.e. build is platform dependent!
2026-03-17 19:51:59,751 [Worker-115: Building] INFO  o.e.m.c.i.embedder.EclipseLogger - Copying 2 resources
2026-03-17 19:51:59,752 [Worker-115: Building] WARN  o.e.m.c.i.embedder.EclipseLogger - Using platform encoding (Cp1252 actually) to copy filtered resources, i.e. build is platform dependent!
2026-03-17 19:51:59,753 [Worker-115: Building] INFO  o.e.m.c.i.embedder.EclipseLogger - skip non existing resourceDirectory E:\Project\TextAdventureGameEngine\TextAdventureGameEngine\src\test\resources
2026-03-17 20:02:22,890 [Worker-128: Building] WARN  o.e.m.c.i.embedder.EclipseLogger - Using platform encoding (Cp1252 actually) to copy filtered resources, i.e. build is platform dependent!
2026-03-17 20:02:22,892 [Worker-128: Building] INFO  o.e.m.c.i.embedder.EclipseLogger - Copying 2 resources
2026-03-17 20:02:22,893 [Worker-128: Building] WARN  o.e.m.c.i.embedder.EclipseLogger - Using platform encoding (Cp1252 actually) to copy filtered resources, i.e. build is platform dependent!
2026-03-17 20:02:22,894 [Worker-128: Building] INFO  o.e.m.c.i.embedder.EclipseLogger - skip non existing resourceDirectory E:\Project\TextAdventureGameEngine\TextAdventureGameEngine\src\test\resources
2026-03-17 20:37:09,715 [Worker-138: Building] WARN  o.e.m.c.i.embedder.EclipseLogger - Using platform encoding (Cp1252 actually) to copy filtered resources, i.e. build is platform dependent!
2026-03-17 20:37:09,717 [Worker-138: Building] INFO  o.e.m.c.i.embedder.EclipseLogger - Copying 2 resources
2026-03-17 20:37:09,717 [Worker-138: Building] WARN  o.e.m.c.i.embedder.EclipseLogger - Using platform encoding (Cp1252 actually) to copy filtered resources, i.e. build is platform dependent!
2026-03-17 20:37:09,718 [Worker-138: Building] INFO  o.e.m.c.i.embedder.EclipseLogger - skip non existing resourceDirectory E:\Project\TextAdventureGameEngine\TextAdventureGameEngine\src\test\resources
2026-03-18 11:32:44,282 [Worker-165: Building] WARN  o.e.m.c.i.embedder.EclipseLogger - Using platform encoding (Cp1252 actually) to copy filtered resources, i.e. build is platform dependent!
2026-03-18 11:32:44,291 [Worker-165: Building] INFO  o.e.m.c.i.embedder.EclipseLogger - Copying 2 resources
2026-03-18 11:32:44,293 [Worker-165: Building] WARN  o.e.m.c.i.embedder.EclipseLogger - Using platform encoding (Cp1252 actually) to copy filtered resources, i.e. build is platform dependent!
2026-03-18 11:32:44,293 [Worker-165: Building] INFO  o.e.m.c.i.embedder.EclipseLogger - skip non existing resourceDirectory E:\Project\TextAdventureGameEngine\TextAdventureGameEngine\src\test\resources
2026-03-18 11:33:00,490 [Worker-167: Building] WARN  o.e.m.c.i.embedder.EclipseLogger - Using platform encoding (Cp1252 actually) to copy filtered resources, i.e. build is platform dependent!
2026-03-18 11:33:00,491 [Worker-167: Building] INFO  o.e.m.c.i.embedder.EclipseLogger - Copying 2 resources
2026-03-18 11:33:00,492 [Worker-167: Building] WARN  o.e.m.c.i.embedder.EclipseLogger - Using platform encoding (Cp1252 actually) to copy filtered resources, i.e. build is platform dependent!
2026-03-18 11:33:00,492 [Worker-167: Building] INFO  o.e.m.c.i.embedder.EclipseLogger - skip non existing resourceDirectory E:\Project\TextAdventureGameEngine\TextAdventureGameEngine\src\test\resources
2026-03-18 11:36:31,279 [Worker-169: Building] WARN  o.e.m.c.i.embedder.EclipseLogger - Using platform encoding (Cp1252 actually) to copy filtered resources, i.e. build is platform dependent!
2026-03-18 11:36:31,280 [Worker-169: Building] INFO  o.e.m.c.i.embedder.EclipseLogger - Copying 2 resources
2026-03-18 11:36:31,281 [Worker-169: Building] WARN  o.e.m.c.i.embedder.EclipseLogger - Using platform encoding (Cp1252 actually) to copy filtered resources, i.e. build is platform dependent!
2026-03-18 11:36:31,281 [Worker-169: Building] INFO  o.e.m.c.i.embedder.EclipseLogger - skip non existing resourceDirectory E:\Project\TextAdventureGameEngine\TextAdventureGameEngine\src\test\resources
2026-03-18 11:37:40,769 [Worker-167: Launching Main] WARN  o.e.m.c.i.embedder.EclipseLogger - Using platform encoding (Cp1252 actually) to copy filtered resources, i.e. build is platform dependent!
2026-03-18 11:37:40,771 [Worker-167: Launching Main] INFO  o.e.m.c.i.embedder.EclipseLogger - Copying 2 resources
2026-03-18 11:37:40,773 [Worker-167: Launching Main] WARN  o.e.m.c.i.embedder.EclipseLogger - Using platform encoding (Cp1252 actually) to copy filtered resources, i.e. build is platform dependent!
2026-03-18 11:37:40,773 [Worker-167: Launching Main] INFO  o.e.m.c.i.embedder.EclipseLogger - skip non existing resourceDirectory E:\Project\TextAdventureGameEngine\TextAdventureGameEngine\src\test\resources
2026-03-18 11:45:31,436 [Worker-175: Launching Main (1)] WARN  o.e.m.c.i.embedder.EclipseLogger - Using platform encoding (Cp1252 actually) to copy filtered resources, i.e. build is platform dependent!
2026-03-18 11:45:31,437 [Worker-175: Launching Main (1)] INFO  o.e.m.c.i.embedder.EclipseLogger - Copying 2 resources
2026-03-18 11:45:31,438 [Worker-175: Launching Main (1)] WARN  o.e.m.c.i.embedder.EclipseLogger - Using platform encoding (Cp1252 actually) to copy filtered resources, i.e. build is platform dependent!
2026-03-18 11:45:31,439 [Worker-175: Launching Main (1)] INFO  o.e.m.c.i.embedder.EclipseLogger - skip non existing resourceDirectory E:\Project\TextAdventureGameEngine\TextAdventureGameEngine\src\test\resources
2026-03-18 11:48:52,500 [Worker-176: Building] WARN  o.e.m.c.i.embedder.EclipseLogger - Using platform encoding (Cp1252 actually) to copy filtered resources, i.e. build is platform dependent!
2026-03-18 11:48:52,500 [Worker-176: Building] INFO  o.e.m.c.i.embedder.EclipseLogger - Copying 2 resources
2026-03-18 11:48:52,501 [Worker-176: Building] WARN  o.e.m.c.i.embedder.EclipseLogger - Using platform encoding (Cp1252 actually) to copy filtered resources, i.e. build is platform dependent!
2026-03-18 11:48:52,501 [Worker-176: Building] INFO  o.e.m.c.i.embedder.EclipseLogger - skip non existing resourceDirectory E:\Project\TextAdventureGameEngine\TextAdventureGameEngine\src\test\resources
2026-03-18 11:49:06,796 [Worker-178: Building] WARN  o.e.m.c.i.embedder.EclipseLogger - Using platform encoding (Cp1252 actually) to copy filtered resources, i.e. build is platform dependent!
2026-03-18 11:49:06,797 [Worker-178: Building] INFO  o.e.m.c.i.embedder.EclipseLogger - Copying 2 resources
2026-03-18 11:49:06,798 [Worker-178: Building] WARN  o.e.m.c.i.embedder.EclipseLogger - Using platform encoding (Cp1252 actually) to copy filtered resources, i.e. build is platform dependent!
2026-03-18 11:49:06,798 [Worker-178: Building] INFO  o.e.m.c.i.embedder.EclipseLogger - skip non existing resourceDirectory E:\Project\TextAdventureGameEngine\TextAdventureGameEngine\src\test\resources
2026-03-18 11:49:13,998 [Worker-175: Building Workspace] WARN  o.e.m.c.i.embedder.EclipseLogger - Using platform encoding (Cp1252 actually) to copy filtered resources, i.e. build is platform dependent!
2026-03-18 11:49:13,999 [Worker-175: Building Workspace] INFO  o.e.m.c.i.embedder.EclipseLogger - Copying 2 resources
2026-03-18 11:49:14,001 [Worker-175: Building Workspace] WARN  o.e.m.c.i.embedder.EclipseLogger - Using platform encoding (Cp1252 actually) to copy filtered resources, i.e. build is platform dependent!
2026-03-18 11:49:14,001 [Worker-175: Building Workspace] INFO  o.e.m.c.i.embedder.EclipseLogger - skip non existing resourceDirectory E:\Project\TextAdventureGameEngine\TextAdventureGameEngine\src\test\resources
2026-03-18 11:54:39,596 [Worker-180: Building] WARN  o.e.m.c.i.embedder.EclipseLogger - Using platform encoding (Cp1252 actually) to copy filtered resources, i.e. build is platform dependent!
2026-03-18 11:54:39,597 [Worker-180: Building] INFO  o.e.m.c.i.embedder.EclipseLogger - Copying 1 resource
2026-03-18 11:54:39,600 [Worker-180: Building] WARN  o.e.m.c.i.embedder.EclipseLogger - Using platform encoding (Cp1252 actually) to copy filtered resources, i.e. build is platform dependent!
2026-03-18 11:54:39,600 [Worker-180: Building] INFO  o.e.m.c.i.embedder.EclipseLogger - skip non existing resourceDirectory E:\Project\TextAdventureGameEngine\TextAdventureGameEngine\src\test\resources
2026-03-18 12:02:49,367 [Worker-180: Building] WARN  o.e.m.c.i.embedder.EclipseLogger - Using platform encoding (Cp1252 actually) to copy filtered resources, i.e. build is platform dependent!
2026-03-18 12:02:49,368 [Worker-180: Building] INFO  o.e.m.c.i.embedder.EclipseLogger - Copying 2 resources
2026-03-18 12:02:49,369 [Worker-180: Building] WARN  o.e.m.c.i.embedder.EclipseLogger - Using platform encoding (Cp1252 actually) to copy filtered resources, i.e. build is platform dependent!
2026-03-18 12:02:49,369 [Worker-180: Building] INFO  o.e.m.c.i.embedder.EclipseLogger - skip non existing resourceDirectory E:\Project\TextAdventureGameEngine\TextAdventureGameEngine\src\test\resources
